// Jest Snapshot v1, https://goo.gl/fbAQLP

exports[`modules/manager/gradle/parser calculations parses fixture from "gradle" manager 1`] = `
[
  {
    "currentValue": "1.5.2.RELEASE",
    "depName": "org.springframework.boot:spring-boot-gradle-plugin",
    "groupName": "springBootVersion",
    "managerData": {
      "fileReplacePosition": 53,
      "packageFile": "build.gradle",
    },
  },
  {
    "currentValue": "1.2.3",
    "depName": "com.github.jengelman.gradle.plugins:shadow",
    "managerData": {
      "fileReplacePosition": 417,
      "packageFile": "build.gradle",
    },
  },
  {
    "currentValue": "0.1",
    "depName": "com.fkorotkov:gradle-libraries-plugin",
    "managerData": {
      "fileReplacePosition": 481,
      "packageFile": "build.gradle",
    },
  },
  {
    "currentValue": "0.2.3",
    "depName": "gradle.plugin.se.patrikerdes:gradle-use-latest-versions-plugin",
    "managerData": {
      "fileReplacePosition": 568,
      "packageFile": "build.gradle",
    },
  },
  {
    "currentValue": "3.1.1",
    "depName": "org.apache.openjpa:openjpa",
    "managerData": {
      "fileReplacePosition": 621,
      "packageFile": "build.gradle",
    },
  },
  {
    "currentValue": "0.13.0",
    "depName": "com.gradle.publish:plugin-publish-plugin",
    "managerData": {
      "fileReplacePosition": 688,
      "packageFile": "build.gradle",
    },
  },
  {
    "currentValue": "[3.3.0, ]",
    "depName": "org.springframework.boot:spring-boot-starter-jetty",
    "managerData": {
      "fileReplacePosition": 1768,
      "packageFile": "build.gradle",
    },
  },
  {
    "currentValue": "6.0.9.RELEASE",
    "depName": "org.grails:gorm-hibernate5-spring-boot",
    "managerData": {
      "fileReplacePosition": 1952,
      "packageFile": "build.gradle",
    },
  },
  {
    "currentValue": "6.0.5",
    "depName": "mysql:mysql-connector-java",
    "managerData": {
      "fileReplacePosition": 2008,
      "packageFile": "build.gradle",
    },
  },
  {
    "currentValue": "1.0-groovy-2.4",
    "depName": "org.spockframework:spock-spring",
    "managerData": {
      "fileReplacePosition": 2066,
      "packageFile": "build.gradle",
    },
  },
  {
    "currentValue": "1.3",
    "depName": "org.hamcrest:hamcrest-core",
    "managerData": {
      "fileReplacePosition": 2171,
      "packageFile": "build.gradle",
    },
  },
  {
    "currentValue": "3.1",
    "depName": "cglib:cglib-nodep",
    "managerData": {
      "fileReplacePosition": 2259,
      "packageFile": "build.gradle",
    },
  },
  {
    "currentValue": "3.1.1",
    "depName": "org.apache.openjpa:openjpa",
    "managerData": {
      "fileReplacePosition": 2365,
      "packageFile": "build.gradle",
    },
  },
]
`;
